
 NX   Running target test for 3 projects:

- shared-models
- vlass-api
- vlass-web



> nx run shared-models:test

> vitest


[1m[46m RUN [49m[22m [36mv4.0.18 [39m[90mC:/repos/vlass-portal/libs/shared/models[39m

 [32m✓[39m [30m[42m shared-models [49m[39m src/lib/shared-models.spec.ts [2m([22m[2m1 test[22m[2m)[22m[32m 2[2mms[22m[39m

[2m Test Files [22m [1m[32m1 passed[39m[22m[90m (1)[39m
[2m      Tests [22m [1m[32m1 passed[39m[22m[90m (1)[39m
[2m   Start at [22m 17:00:18
[2m   Duration [22m 161ms[2m (transform 22ms, setup 0ms, import 28ms, tests 2ms, environment 0ms)[22m


> nx run vlass-api:test

> jest --passWithNoTests=true

[0m[7m[1m[32m PASS [39m[22m[27m[0m [0m[7m[37m vlass-api [39m[27m[0m [2msrc/app/viewer/[22m[1mviewer.controller.spec.ts[22m
[0m[7m[1m[32m PASS [39m[22m[27m[0m [0m[7m[37m vlass-api [39m[27m[0m [2msrc/app/[22m[1mapp.controller.spec.ts[22m
[0m[7m[1m[32m PASS [39m[22m[27m[0m [0m[7m[37m vlass-api [39m[27m[0m [2msrc/app/auth/[22m[1mauth.controller.spec.ts[22m
[0m[7m[1m[32m PASS [39m[22m[27m[0m [0m[7m[37m vlass-api [39m[27m[0m [2msrc/app/auth/[22m[1mauth.service.spec.ts[22m
[0m[7m[1m[32m PASS [39m[22m[27m[0m [0m[7m[37m vlass-api [39m[27m[0m [2msrc/app/[22m[1mapp.service.spec.ts[22m
[32m[Nest] 29860  - [39m02/10/2026, 5:00:20 PM [32m    LOG[39m [38;5;3m[AppService] [39m[32mDatabase status: connected[39m
[32m[Nest] 29860  - [39m02/10/2026, 5:00:20 PM [32m    LOG[39m [38;5;3m[AppService] [39m[32mDatabase status: connected[39m
[0m[7m[1m[32m PASS [39m[22m[27m[0m [0m[7m[37m vlass-api [39m[27m[0m [2msrc/app/auth/strategies/[22m[1mjwt.strategy.spec.ts[22m
[0m[7m[1m[32m PASS [39m[22m[27m[0m [0m[7m[37m vlass-api [39m[27m[0m [2msrc/app/viewer/[22m[1mviewer.service.spec.ts[22m
[0m[7m[1m[32m PASS [39m[22m[27m[0m [0m[7m[37m vlass-api [39m[27m[0m [2msrc/app/guards/[22m[1mrate-limit.guard.spec.ts[22m
[32m[Nest] 29860  - [39m02/10/2026, 5:00:21 PM [32m    LOG[39m [38;5;3m[ViewerService] [39m[32mCutout cache miss (source=none, provider=primary, survey=CDS/P/DSS2/color, size=1024x1024).[39m
[32m[Nest] 29860  - [39m02/10/2026, 5:00:21 PM [32m    LOG[39m [38;5;3m[ViewerService] [39m[32mCutout cache miss (source=none, provider=primary, survey=CDS/VLASS, size=1024x1024).[39m
[32m[Nest] 29860  - [39m02/10/2026, 5:00:21 PM [32m    LOG[39m [38;5;3m[ViewerService] [39m[32mCutout cache miss (source=none, provider=primary, survey=CDS/VLASS, size=2048x2048).[39m
[32m[Nest] 29860  - [39m02/10/2026, 5:00:21 PM [32m    LOG[39m [38;5;3m[ViewerService] [39m[32mCutout cache miss (source=none, provider=primary, survey=CDS/VLASS, size=1024x1024).[39m
[32m[Nest] 29860  - [39m02/10/2026, 5:00:21 PM [32m    LOG[39m [38;5;3m[ViewerService] [39m[32mCutout cache miss (source=none, provider=secondary, survey=CDS/VLASS, size=1024x1024).[39m
[32m[Nest] 29860  - [39m02/10/2026, 5:00:21 PM [32m    LOG[39m [38;5;3m[ViewerService] [39m[32mNearby-label cache miss (source=none, limit=10, radius_deg=0.08).[39m
[0m[7m[1m[32m PASS [39m[22m[27m[0m [0m[7m[37m vlass-api [39m[27m[0m [2msrc/app/config/[22m[1msecurity.config.spec.ts[22m

[1mTest Suites: [22m[1m[32m9 passed[39m[22m, 9 total
[1mTests:       [22m[1m[32m90 passed[39m[22m, 90 total
[1mSnapshots:   [22m0 total
[1mTime:[22m        [1m[33m2.388 s[39m[22m
[2mRan all test suites[22m[2m.[22m

> nx run vlass-web:test

[33m❯[39m Building...
[32m✔[39m Building...
[37m[1mInitial chunk files[22m                                   [2m | [22m[1mNames[22m                                              [2m | [22m [1mRaw size[22m[39m
[37m[32mspec-app-features-viewer-viewer.component.js[39m[37m          [2m | [22m[2mspec-app-features-viewer-viewer.component[22m          [2m | [22m[36m106.51 kB[39m[37m[2m | [22m[39m
[37m[32mspec-app-features-auth-register-register.component.js[39m[37m [2m | [22m[2mspec-app-features-auth-register-register.component[22m [2m | [22m [36m49.06 kB[39m[37m[2m | [22m[39m
[37m[32mspec-app-features-landing-landing.component.js[39m[37m        [2m | [22m[2mspec-app-features-landing-landing.component[22m        [2m | [22m [36m44.17 kB[39m[37m[2m | [22m[39m
[37m[32mspec-app-features-logs-logs.component.js[39m[37m              [2m | [22m[2mspec-app-features-logs-logs.component[22m              [2m | [22m [36m34.69 kB[39m[37m[2m | [22m[39m
[37m[32mspec-app-features-posts-post-editor.component.js[39m[37m      [2m | [22m[2mspec-app-features-posts-post-editor.component[22m      [2m | [22m [36m32.79 kB[39m[37m[2m | [22m[39m
[37m[32mspec-app-features-posts-post-detail.component.js[39m[37m      [2m | [22m[2mspec-app-features-posts-post-detail.component[22m      [2m | [22m [36m27.25 kB[39m[37m[2m | [22m[39m
[37m[32mspec-app-features-posts-posts-list.component.js[39m[37m       [2m | [22m[2mspec-app-features-posts-posts-list.component[22m       [2m | [22m [36m21.29 kB[39m[37m[2m | [22m[39m
[37m[32mstyles.css[39m[37m                                            [2m | [22m[2mstyles[22m                                             [2m | [22m [36m15.73 kB[39m[37m[2m | [22m[39m
[37m[32mspec-app-app.js[39m[37m                                       [2m | [22m[2mspec-app-app[22m                                       [2m | [22m [36m14.50 kB[39m[37m[2m | [22m[39m
[37m[32mchunk-EHH6453B.js[39m[37m                                     [2m | [22m[2m-[22m                                                  [2m | [22m  [36m8.99 kB[39m[37m[2m | [22m[39m
[37m[32mspec-app-interceptors-auth-to[39m[37mken.interceptor.js[39m[37m       [2m | [22m[2mspec-app-interceptors-auth-token.interceptor[22m       [2m | [22m  [36m7.30 kB[39m[37m[2m | [22m[39m
[37m[32mchunk-LR642XO6.js[39m[37m                                     [2m | [22m[2m-[22m                                                  [2m | [22m  [36m5.23 kB[39m[37m[2m | [22m[39m
[37m[32mchunk-RSTWSNOR.js[39m[37m                                     [2m | [22m[2m-[22m                                                  [2m | [22m  [36m4.75 kB[39m[37m[2m | [22m[39m
[37m[32mspec-app-guards-admin.guard.js[39m[37m                        [2m | [22m[2mspec-app-guards-admin.guard[22m                        [2m | [22m  [36m4.75 kB[39m[37m[2m | [22m[39m
[37m[32mspec-app-features-posts-posts-api.service.js[39m[37m          [2m | [22m[2mspec-app-features-posts-posts-api.service[22m          [2m | [22m  [36m3.95 kB[39m[37m[2m | [22m[39m
[37m[32mchunk-PSYEB473.js[39m[37m                                     [2m | [22m[2m-[22m                                                  [2m | [22m  [36m3.23 kB[39m[37m[2m | [22m[39m
[37m[32mspec-app-services-sky-preview.service.js[39m[37m              [2m | [22m[2mspec-app-services-sky-preview.service[22m              [2m | [22m  [36m3.21 kB[39m[37m[2m | [22m[39m
[37m[32mchunk-Z2AIQCP7.js[39m[37m                                     [2m | [22m[2m-[22m                                                  [2m | [22m  [36m2.70 kB[39m[37m[2m | [22m[39m
[37m[32mspec-app-features-viewer-hips-tile-prefetch.service.js[39m[37m[2m | [22m[2mspec-app-features-viewer-hips-tile-prefetch.service[22m[2m | [22m  [36m2.05 kB[39m[37m[2m | [22m[39m
[37m[32mchunk-6BZ3CG22.js[39m[37m                                     [2m | [22m[2m-[22m                                                  [2m | [22m  [36m1.96 kB[39m[37m[2m | [22m[39m
[37m[32mchunk-5RTMZ5EK.js[39m[37m                                     [2m | [22m[2m-[22m                                                  [2m | [22m  [36m1.76 kB[39m[37m[2m | [22m[39m
[37m[32mchunk-3SZSKVQR.js[39m[37m                           [39m[37m          [2m | [22m[2m-[22m                                                  [2m | [22m  [36m1.39 kB[39m[37m[2m | [22m[39m
[37m[32minit-testbed.js[39m[37m                                       [2m | [22m[2minit-testbed[22m                                       [2m | [22m  [36m1.21 kB[39m[37m[2m | [22m[39m
[37m[32mspec-app-features-posts-markdown-renderer.js[39m[37m          [2m | [22m[2mspec-app-features-posts-markdown-renderer[22m          [2m | [22m[36m701 bytes[39m[37m[2m | [22m[39m
[37m[39m
[37m[1m [22m                                                     [2m | [22m[1mInitial total[22m                                      [2m | [22m[1m399.17 kB[22m[39m
[37m[39m
[37mApplication bundle generation complete. [2.893 seconds] - 2026-02-10T23:00:21.841Z[39m
[37m[39m

[1m[46m RUN [49m[22m [36mv4.0.18 [39m[90mC:/repos/vlass-portal[39m

 [32m✓[39m [30m[43m vlass-web [49m[39m apps/vlass-web/src/app/features/posts/markdown-renderer.spec.ts [2m([22m[2m1 test[22m[2m)[22m[32m 4[2mms[22m[39m
 [32m✓[39m [30m[43m vlass-web [49m[39m apps/vlass-web/src/app/features/viewer/hips-tile-prefetch.service.spec.ts [2m([22m[2m2 tests[22m[2m)[22m[32m 27[2mms[22m[39m
 [32m✓[39m [30m[43m vlass-web [49m[39m apps/vlass-web/src/app/services/sky-preview.service.spec.ts [2m([22m[2m4 tests[22m[2m)[22m[32m 30[2mms[22m[39m
 [32m✓[39m [30m[43m vlass-web [49m[39m apps/vlass-web/src/app/interceptors/auth-token.interceptor.spec.ts [2m([22m[2m5 tests[22m[2m)[22m[32m 37[2mms[22m[39m
 [32m✓[39m [30m[43m vlass-web [49m[39m apps/vlass-web/src/app/features/posts/posts-api.service.spec.ts [2m([22m[2m7 tests[22m[2m)[22m[32m 45[2mms[22m[39m
 [32m✓[39m [30m[43m vlass-web [49m[39m apps/vlass-web/src/app/guards/admin.guard.spec.ts [2m([22m[2m4 tests[22m[2m)[22m[32m 22[2mms[22m[39m
 [32m✓[39m [30m[43m vlass-web [49m[39m apps/vlass-web/src/app/app.spec.ts [2m([22m[2m1 test[22m[2m)[22m[32m 65[2mms[22m[39m
 [32m✓[39m [30m[43m vlass-web [49m[39m apps/vlass-web/src/app/features/posts/post-detail.component.spec.ts [2m([22m[2m5 tests[22m[2m)[22m[32m 214[2mms[22m[39m
 [32m✓[39m [30m[43m vlass-web [49m[39m apps/vlass-web/src/app/features/landing/landing.component.spec.ts [2m([22m[2m5 tests[22m[2m)[22m[32m 238[2mms[22m[39m
 [32m✓[39m [30m[43m vlass-web [49m[39m apps/vlass-web/src/app/features/logs/logs.component.spec.ts [2m([22m[2m3 tests[22m[2m)[22m[32m 204[2mms[22m[39m
 [32m✓[39m [30m[43m vlass-web [49m[39m apps/vlass-web/src/app/features/posts/posts-list.component.spec.ts [2m([22m[2m4 tests[22m[2m)[22m[32m 188[2mms[22m[39m
 [32m✓[39m [30m[43m vlass-web [49m[39m apps/vlass-web/src/app/features/posts/post-editor.component.spec.ts [2m([22m[2m5 tests[22m[2m)[22m[32m 207[2mms[22m[39m
 [32m✓[39m [30m[43m vlass-web [49m[39m apps/vlass-web/src/app/features/auth/register/register.component.spec.ts [2m([22m[2m2 tests[22m[2m)[22m[32m 200[2mms[22m[39m
 [32m✓[39m [30m[43m vlass-web [49m[39m apps/vlass-web/src/app/features/viewer/viewer.component.spec.ts [2m([22m[2m19 tests[22m[2m)[22m[33m 552[2mms[22m[39m

[2m Test Files [22m [1m[32m14 passed[39m[22m[90m (14)[39m
[2m      Tests [22m [1m[32m67 passed[39m[22m[90m (67)[39m
[2m   Start at [22m 17:00:22
[2m   Duration [22m 3.35s[2m (transform 2.28s, setup 6.31s, import 4.50s, tests 2.03s, environment 22.89s)[22m




 NX   Successfully ran target test for 3 projects


